timeout : ERROR: Invalid syntax. Default option is not allowed more than '1' time(s).
At line:1 char:1
+ timeout 120 bun run build > build-output.txt 2>&1; type build-output. ...
+ ~~~~~~~~~~~~~~~~~~~~~~~~~~~~~~~~~~~~~~~~~~~~~~~~~
    + CategoryInfo          : NotSpecified: (ERROR: Invalid ...an '1' time(s).:String) [], RemoteExcep 
   tion
    + FullyQualifiedErrorId : NativeCommandError
 
Type "TIMEOUT /?" for usage.
