
> e-sight-marketing-website-v2@0.1.0 build
> next build

   Γû▓ Next.js 15.5.6
   - Environments: .env

node.exe : 
At C:\Program Files\nodejs\npm.ps1:29 char:3
+   & $NODE_EXE $NPM_CLI_JS $args
+   ~~~~~~~~~~~~~~~~~~~~~~~~~~~~~
    + CategoryInfo          : NotSpecified: (:String) [], RemoteException
    + FullyQualifiedErrorId : NativeCommandError
 
> Build error occurred
[Error: EINVAL: invalid argument, readlink 'C:\Users\ALI\OneDrive\Documents\
GitHub\e-sight-marketing-website-v2\.next\server\functions-config-manifest.j
son'] {
  errno: -4071,
  code: 'EINVAL',
  syscall: 'readlink',
  path: 'C:\\Users\\ALI\\OneDrive\\Documents\\GitHub\\e-sight-marketing-webs
ite-v2\\.next\\server\\functions-config-manifest.json'
}
